// Jest Snapshot v1, https://goo.gl/fbAQLP

exports[`Login Screen Renders 1`] = `
Array [
  <View
    accessible={true}
    focusable={true}
    onClick={[Function]}
    onResponderGrant={[Function]}
    onResponderMove={[Function]}
    onResponderRelease={[Function]}
    onResponderTerminate={[Function]}
    onResponderTerminationRequest={[Function]}
    onStartShouldSetResponder={[Function]}
  >
    <View>
      <Image
        resizeMode="contain"
        source={
          Object {
            "testUri": "../../../assets/img/logo.png",
          }
        }
      />
      <View
        animatedStyle={
          Object {
            "value": Object {},
          }
        }
        collapsable={false}
        entering={
          FadeInUp {
            "build": [Function],
            "dampingV": 240,
            "durationV": 240,
            "randomizeDelay": false,
          }
        }
        layout={[Function]}
        style={Object {}}
      >
        <Text
          style={
            Array [
              undefined,
              undefined,
            ]
          }
        >
          login.form.title
        </Text>
        <View
          animatedStyle={
            Object {
              "value": Object {},
            }
          }
          collapsable={false}
          entering={
            FadeInLeft {
              "build": [Function],
              "delayV": 120,
              "durationV": 320,
              "randomizeDelay": false,
            }
          }
          exiting={
            FadeOutLeft {
              "build": [Function],
              "dampingV": 5000,
              "durationV": 320,
              "randomizeDelay": false,
            }
          }
        >
          <Text
            style={
              Array [
                undefined,
                undefined,
              ]
            }
          >
            login.form.emailFieldTitle
          </Text>
          <TextInput
            animatedStyle={
              Object {
                "value": Object {
                  "borderColor": "rgba(188, 216, 221, 1)",
                },
              }
            }
            autoCapitalize="none"
            collapsable={false}
            defaultValue=""
            keyboardType="email-address"
            onBlur={[Function]}
            onChangeText={[Function]}
            onFocus={[Function]}
            placeholder="login.form.emailPlaceholder"
            style={
              Object {
                "borderColor": "rgba(188, 216, 221, 1)",
              }
            }
            testID="Field.TextInput"
          />
          <View
            accessibilityState={
              Object {
                "disabled": false,
              }
            }
            accessible={true}
            animatedStyle={
              Object {
                "value": Object {
                  "backgroundColor": "rgba(22, 147, 165, 1)",
                  "transform": Array [
                    Object {
                      "scale": 1,
                    },
                  ],
                },
              }
            }
            collapsable={false}
            focusable={true}
            loading={false}
            onBlur={[Function]}
            onClick={[Function]}
            onFocus={[Function]}
            onResponderGrant={[Function]}
            onResponderMove={[Function]}
            onResponderRelease={[Function]}
            onResponderTerminate={[Function]}
            onResponderTerminationRequest={[Function]}
            onStartShouldSetResponder={[Function]}
            style={
              Object {
                "backgroundColor": "rgba(22, 147, 165, 1)",
                "transform": Array [
                  Object {
                    "scale": 1,
                  },
                ],
              }
            }
            testID="PrimaryButton.container"
          >
            <Text
              animatedStyle={
                Object {
                  "value": Object {
                    "opacity": 1,
                    "transform": Array [
                      Object {
                        "translateY": 0,
                      },
                    ],
                  },
                }
              }
              collapsable={false}
              style={
                Object {
                  "opacity": 1,
                  "transform": Array [
                    Object {
                      "translateY": 0,
                    },
                  ],
                }
              }
            >
              login.form.btnTitle
            </Text>
            <View
              animatedStyle={
                Object {
                  "value": Object {
                    "display": "none",
                    "opacity": 0,
                    "position": "absolute",
                    "transform": Array [
                      Object {
                        "translateY": 20,
                      },
                    ],
                  },
                }
              }
              collapsable={false}
              style={
                Object {
                  "display": "none",
                  "opacity": 0,
                  "position": "absolute",
                  "transform": Array [
                    Object {
                      "translateY": 20,
                    },
                  ],
                }
              }
            >
              <ActivityIndicator
                color="#FDFFFF"
                size={24}
              />
            </View>
          </View>
        </View>
      </View>
    </View>
  </View>,
  " ",
]
`;
